version https://git-lfs.github.com/spec/v1
oid sha256:98406c9a7e26056f2f4435c63c6814cb80cf18c1f99e13e6a8cbb61aab6e9d99
size 3774648
